Archive member included because of file (symbol)

d:/program files (x86)/atmel/atmel toolchain/avr8 gcc/native/3.4.2.1002/avr8-gnu-toolchain/bin/../lib/gcc/avr/4.7.2/../../../../avr/lib/avrxmega7\libm.a(addsf3.o)
                              mechanism.o (__addsf3)
d:/program files (x86)/atmel/atmel toolchain/avr8 gcc/native/3.4.2.1002/avr8-gnu-toolchain/bin/../lib/gcc/avr/4.7.2/../../../../avr/lib/avrxmega7\libm.a(addsf3x.o)
                              d:/program files (x86)/atmel/atmel toolchain/avr8 gcc/native/3.4.2.1002/avr8-gnu-toolchain/bin/../lib/gcc/avr/4.7.2/../../../../avr/lib/avrxmega7\libm.a(addsf3.o) (__addsf3x)
d:/program files (x86)/atmel/atmel toolchain/avr8 gcc/native/3.4.2.1002/avr8-gnu-toolchain/bin/../lib/gcc/avr/4.7.2/../../../../avr/lib/avrxmega7\libm.a(atan2.o)
                              mechanism.o (atan2)
d:/program files (x86)/atmel/atmel toolchain/avr8 gcc/native/3.4.2.1002/avr8-gnu-toolchain/bin/../lib/gcc/avr/4.7.2/../../../../avr/lib/avrxmega7\libm.a(atan.o)
                              d:/program files (x86)/atmel/atmel toolchain/avr8 gcc/native/3.4.2.1002/avr8-gnu-toolchain/bin/../lib/gcc/avr/4.7.2/../../../../avr/lib/avrxmega7\libm.a(atan2.o) (atan)
d:/program files (x86)/atmel/atmel toolchain/avr8 gcc/native/3.4.2.1002/avr8-gnu-toolchain/bin/../lib/gcc/avr/4.7.2/../../../../avr/lib/avrxmega7\libm.a(cmpsf2.o)
                              mechanism.o (__ltsf2)
d:/program files (x86)/atmel/atmel toolchain/avr8 gcc/native/3.4.2.1002/avr8-gnu-toolchain/bin/../lib/gcc/avr/4.7.2/../../../../avr/lib/avrxmega7\libm.a(cos.o)
                              interrupt.o (cos)
d:/program files (x86)/atmel/atmel toolchain/avr8 gcc/native/3.4.2.1002/avr8-gnu-toolchain/bin/../lib/gcc/avr/4.7.2/../../../../avr/lib/avrxmega7\libm.a(divsf3.o)
                              interrupt.o (__divsf3)
d:/program files (x86)/atmel/atmel toolchain/avr8 gcc/native/3.4.2.1002/avr8-gnu-toolchain/bin/../lib/gcc/avr/4.7.2/../../../../avr/lib/avrxmega7\libm.a(divsf3x.o)
                              d:/program files (x86)/atmel/atmel toolchain/avr8 gcc/native/3.4.2.1002/avr8-gnu-toolchain/bin/../lib/gcc/avr/4.7.2/../../../../avr/lib/avrxmega7\libm.a(divsf3.o) (__divsf3x)
d:/program files (x86)/atmel/atmel toolchain/avr8 gcc/native/3.4.2.1002/avr8-gnu-toolchain/bin/../lib/gcc/avr/4.7.2/../../../../avr/lib/avrxmega7\libm.a(fixsfsi.o)
                              interrupt.o (__fixsfsi)
d:/program files (x86)/atmel/atmel toolchain/avr8 gcc/native/3.4.2.1002/avr8-gnu-toolchain/bin/../lib/gcc/avr/4.7.2/../../../../avr/lib/avrxmega7\libm.a(fixunssfsi.o)
                              d:/program files (x86)/atmel/atmel toolchain/avr8 gcc/native/3.4.2.1002/avr8-gnu-toolchain/bin/../lib/gcc/avr/4.7.2/../../../../avr/lib/avrxmega7\libm.a(fixsfsi.o) (__fixunssfsi)
d:/program files (x86)/atmel/atmel toolchain/avr8 gcc/native/3.4.2.1002/avr8-gnu-toolchain/bin/../lib/gcc/avr/4.7.2/../../../../avr/lib/avrxmega7\libm.a(floatsisf.o)
                              interrupt.o (__floatsisf)
d:/program files (x86)/atmel/atmel toolchain/avr8 gcc/native/3.4.2.1002/avr8-gnu-toolchain/bin/../lib/gcc/avr/4.7.2/../../../../avr/lib/avrxmega7\libm.a(fp_cmp.o)
                              d:/program files (x86)/atmel/atmel toolchain/avr8 gcc/native/3.4.2.1002/avr8-gnu-toolchain/bin/../lib/gcc/avr/4.7.2/../../../../avr/lib/avrxmega7\libm.a(cmpsf2.o) (__fp_cmp)
d:/program files (x86)/atmel/atmel toolchain/avr8 gcc/native/3.4.2.1002/avr8-gnu-toolchain/bin/../lib/gcc/avr/4.7.2/../../../../avr/lib/avrxmega7\libm.a(fp_inf.o)
                              d:/program files (x86)/atmel/atmel toolchain/avr8 gcc/native/3.4.2.1002/avr8-gnu-toolchain/bin/../lib/gcc/avr/4.7.2/../../../../avr/lib/avrxmega7\libm.a(addsf3x.o) (__fp_inf)
d:/program files (x86)/atmel/atmel toolchain/avr8 gcc/native/3.4.2.1002/avr8-gnu-toolchain/bin/../lib/gcc/avr/4.7.2/../../../../avr/lib/avrxmega7\libm.a(fp_nan.o)
                              d:/program files (x86)/atmel/atmel toolchain/avr8 gcc/native/3.4.2.1002/avr8-gnu-toolchain/bin/../lib/gcc/avr/4.7.2/../../../../avr/lib/avrxmega7\libm.a(addsf3x.o) (__fp_nan)
d:/program files (x86)/atmel/atmel toolchain/avr8 gcc/native/3.4.2.1002/avr8-gnu-toolchain/bin/../lib/gcc/avr/4.7.2/../../../../avr/lib/avrxmega7\libm.a(fp_powser.o)
                              d:/program files (x86)/atmel/atmel toolchain/avr8 gcc/native/3.4.2.1002/avr8-gnu-toolchain/bin/../lib/gcc/avr/4.7.2/../../../../avr/lib/avrxmega7\libm.a(atan.o) (__fp_powser)
d:/program files (x86)/atmel/atmel toolchain/avr8 gcc/native/3.4.2.1002/avr8-gnu-toolchain/bin/../lib/gcc/avr/4.7.2/../../../../avr/lib/avrxmega7\libm.a(fp_pscA.o)
                              d:/program files (x86)/atmel/atmel toolchain/avr8 gcc/native/3.4.2.1002/avr8-gnu-toolchain/bin/../lib/gcc/avr/4.7.2/../../../../avr/lib/avrxmega7\libm.a(addsf3x.o) (__fp_pscA)
[...]
Memory Configuration

Name             Origin             Length             Attributes
text             0x00000000         0x00100000         xr
data             0x00802000         0x0000ffa0         rw !x
eeprom           0x00810000         0x00010000         rw !x
fuse             0x00820000         0x00000400         rw !x
lock             0x00830000         0x00000400         rw !x
signature        0x00840000         0x00000400         rw !x
user_signatures  0x00850000         0x00000400         rw !x
*default*        0x00000000         0xffffffff

Linker script and memory map

LOAD d:/program files (x86)/atmel/atmel toolchain/avr8 gcc/native/3.4.2.1002/avr8-gnu-toolchain/bin/../lib/gcc/avr/4.7.2/../../../../avr/lib/avrxmega7/crtx128a1.o
LOAD adc_driver.o
LOAD hardware.o
LOAD HexLookUp.o
LOAD interrupt.o
LOAD mechanism.o
LOAD port_driver.o
LOAD TC_driver.o
LOAD testiranje.o
LOAD usart_driver.o
LOAD X-Drive_Odometry.o
START GROUP
LOAD d:/program files (x86)/atmel/atmel toolchain/avr8 gcc/native/3.4.2.1002/avr8-gnu-toolchain/bin/../lib/gcc/avr/4.7.2/../../../../avr/lib/avrxmega7\libm.a
END GROUP
LOAD d:/program files (x86)/atmel/atmel toolchain/avr8 gcc/native/3.4.2.1002/avr8-gnu-toolchain/bin/../lib/gcc/avr/4.7.2/avrxmega7\libgcc.a
LOAD d:/program files (x86)/atmel/atmel toolchain/avr8 gcc/native/3.4.2.1002/avr8-gnu-toolchain/bin/../lib/gcc/avr/4.7.2/../../../../avr/lib/avrxmega7\libc.a
LOAD d:/program files (x86)/atmel/atmel toolchain/avr8 gcc/native/3.4.2.1002/avr8-gnu-toolchain/bin/../lib/gcc/avr/4.7.2/avrxmega7\libgcc.a

.hash
 *(.hash)

.dynsym
 *(.dynsym)

.dynstr
 *(.dynstr)

.gnu.version
 *(.gnu.version)

.gnu.version_d
 *(.gnu.version_d)

.gnu.version_r
 *(.gnu.version_r)

.rel.init
 *(.rel.init)

.rela.init
 *(.rela.init)

.rel.text
 *(.rel.text)
 *(.rel.text.*)
 *(.rel.gnu.linkonce.t*)

.rela.text
 *(.rela.text)
 *(.rela.text.*)
 *(.rela.gnu.linkonce.t*)

.rel.fini
 *(.rel.fini)

.rela.fini
 *(.rela.fini)

.rel.rodata
 *(.rel.rodata)
 *(.rel.rodata.*)
 *(.rel.gnu.linkonce.r*)

.rela.rodata
 *(.rela.rodata)
 *(.rela.rodata.*)
 *(.rela.gnu.linkonce.r*)

.rel.data
 *(.rel.data)
 *(.rel.data.*)
 *(.rel.gnu.linkonce.d*)

.rela.data
 *(.rela.data)
 *(.rela.data.*)
 *(.rela.gnu.linkonce.d*)

.rel.ctors
 *(.rel.ctors)

.rela.ctors
 *(.rela.ctors)

.rel.dtors
 *(.rel.dtors)

.rela.dtors
 *(.rela.dtors)

.rel.got
 *(.rel.got)

.rela.got
 *(.rela.got)

.rel.bss
 *(.rel.bss)

.rela.bss
 *(.rela.bss)

.rel.plt
 *(.rel.plt)

.rela.plt
 *(.rela.plt)

.text           0x00000000     0x6fa8
 *(.vectors)
 .vectors       0x00000000      0x1f4 d:/program files (x86)/atmel/atmel toolchain/avr8 gcc/native/3.4.2.1002/avr8-gnu-toolchain/bin/../lib/gcc/avr/4.7.2/../../../../avr/lib/avrxmega7/crtx128a1.o
                0x00000000                __vector_default
                0x00000000                __vectors
 *(.vectors)
 *(.progmem.gcc*)
 .progmem.gcc_fplib
                0x000001f4       0x2d d:/program files (x86)/atmel/atmel toolchain/avr8 gcc/native/3.4.2.1002/avr8-gnu-toolchain/bin/../lib/gcc/avr/4.7.2/../../../../avr/lib/avrxmega7\libm.a(atan.o)
 .progmem.gcc_fplib
                0x00000221       0x1e d:/program files (x86)/atmel/atmel toolchain/avr8 gcc/native/3.4.2.1002/avr8-gnu-toolchain/bin/../lib/gcc/avr/4.7.2/../../../../avr/lib/avrxmega7\libm.a(fp_sinus.o)
 *(.progmem*)
                0x00000240                . = ALIGN (0x2)
 *fill*         0x0000023f        0x1 
                0x00000240                __trampolines_start = .
 *(.trampolines)
 .trampolines   0x00000240        0x0 linker stubs
 *(.trampolines*)
                0x00000240                __trampolines_end = .
 *(.jumptables)
 *(.jumptables*)
 *(.lowtext)
 *(.lowtext*)
                0x00000240                __ctors_start = .
 *(.ctors)
                0x00000240                __ctors_end = .
                0x00000240                __dtors_start = .
 *(.dtors)
                0x00000240                __dtors_end = .
 SORT(*)(.ctors)
 SORT(*)(.dtors)
 *(.init0)
 .init0         0x00000240        0x0 d:/program files (x86)/atmel/atmel toolchain/avr8 gcc/native/3.4.2.1002/avr8-gnu-toolchain/bin/../lib/gcc/avr/4.7.2/../../../../avr/lib/avrxmega7/crtx128a1.o
                0x00000240                __init
 *(.init0)
 *(.init1)
 *(.init1)
 *(.init2)
 .init2         0x00000240       0x18 d:/program files (x86)/atmel/atmel toolchain/avr8 gcc/native/3.4.2.1002/avr8-gnu-toolchain/bin/../lib/gcc/avr/4.7.2/../../../../avr/lib/avrxmega7/crtx128a1.o
 *(.init2)
 *(.init3)
 *(.init3)
 *(.init4)
 .init4         0x00000258       0x1c d:/program files (x86)/atmel/atmel toolchain/avr8 gcc/native/3.4.2.1002/avr8-gnu-toolchain/bin/../lib/gcc/avr/4.7.2/avrxmega7\libgcc.a(_copy_data.o)
                0x00000258                __do_copy_data
 .init4         0x00000274       0x10 d:/program files (x86)/atmel/atmel toolchain/avr8 gcc/native/3.4.2.1002/avr8-gnu-toolchain/bin/../lib/gcc/avr/4.7.2/avrxmega7\libgcc.a(_clear_bss.o)
                0x00000274                __do_clear_bss
 *(.init4)
 *(.init5)
 *(.init5)
 *(.init6)
 *(.init6)
 *(.init7)
 *(.init7)
 *(.init8)
 *(.init8)
 *(.init9)
 .init9         0x00000284        0x8 d:/program files (x86)/atmel/atmel toolchain/avr8 gcc/native/3.4.2.1002/avr8-gnu-toolchain/bin/../lib/gcc/avr/4.7.2/../../../../avr/lib/avrxmega7/crtx128a1.o
 *(.init9)
 *(.text)
 .text          0x0000028c        0x2 d:/program files (x86)/atmel/atmel toolchain/avr8 gcc/native/3.4.2.1002/avr8-gnu-toolchain/bin/../lib/gcc/avr/4.7.2/../../../../avr/lib/avrxmega7/crtx128a1.o
                0x0000028c                __vector_38
                0x0000028c                __vector_104
                0x0000028c                __vector_22
                0x0000028c                __vector_63
                0x0000028c                __vector_28
                0x0000028c                __vector_67
                0x0000028c                __vector_1
                0x0000028c                __vector_119
                0x0000028c                __vector_32
                0x0000028c                __vector_75
                0x0000028c                __vector_71
                0x0000028c                __vector_91
                0x0000028c                __vector_102
                0x0000028c                __vector_24
                0x0000028c                __vector_12
                0x0000028c                __vector_55
                0x0000028c                __vector_69
                0x0000028c                __vector_81
                0x0000028c                __vector_90
                0x0000028c                __vector_46
                0x0000028c                __bad_interrupt
                0x0000028c                __vector_122
                0x0000028c                __vector_72
                0x0000028c                __vector_114
                0x0000028c                __vector_6
                0x0000028c                __vector_31
                0x0000028c                __vector_92
                0x0000028c                __vector_35
                0x0000028c                __vector_78
                0x0000028c                __vector_74
                0x0000028c                __vector_117
                0x0000028c                __vector_39
                0x0000028c                __vector_107
                0x0000028c                __vector_3
                0x0000028c                __vector_105
                0x0000028c                __vector_98
                0x0000028c                __vector_23
                0x0000028c                __vector_68
                0x0000028c                __vector_30
                0x0000028c                __vector_73
                0x0000028c                __vector_45
                0x0000028c                __vector_93
                0x0000028c                __vector_11
                0x0000028c                __vector_54
                0x0000028c                __vector_99
                0x0000028c                __vector_13
                0x0000028c                __vector_17
                0x0000028c                __vector_19
                0x0000028c                __vector_56
                0x0000028c                __vector_7
                0x0000028c                __vector_49
                0x0000028c                __vector_123
                0x0000028c                __vector_41
                0x0000028c                __vector_86
                0x0000028c                __vector_100
                0x0000028c                __vector_101
                0x0000028c                __vector_64
                0x0000028c                __vector_88
                0x0000028c                __vector_109
                0x0000028c                __vector_43
                0x0000028c                __vector_27
                0x0000028c                __vector_5
                0x0000028c                __vector_113
                0x0000028c                __vector_33
                0x0000028c                __vector_76
                0x0000028c                __vector_115
                0x0000028c                __vector_47
                0x0000028c                __vector_52
                0x0000028c                __vector_37
                0x0000028c                __vector_95
                0x0000028c                __vector_103
                0x0000028c                __vector_96
                0x0000028c                __vector_89
                0x0000028c                __vector_4
                0x0000028c                __vector_44
                0x0000028c                __vector_82
                0x0000028c                __vector_106
                0x0000028c                __vector_118
                0x0000028c                __vector_51
                0x0000028c                __vector_9
                0x0000028c                __vector_2
                0x0000028c                __vector_21
                0x0000028c                __vector_15
                0x0000028c                __vector_66
                0x0000028c                __vector_36
                0x0000028c                __vector_79
                0x0000028c                __vector_70
                0x0000028c                __vector_29
                0x0000028c                __vector_60
                0x0000028c                __vector_121
                0x0000028c                __vector_40
                0x0000028c                __vector_85
                0x0000028c                __vector_94
                0x0000028c                __vector_8
                0x0000028c                __vector_48
                0x0000028c                __vector_124
                0x0000028c                __vector_116
                0x0000028c                __vector_112
                0x0000028c                __vector_111
                0x0000028c                __vector_80
                0x0000028c                __vector_14
                0x0000028c                __vector_84
                0x0000028c                __vector_57
                0x0000028c                __vector_10
                0x0000028c                __vector_50
                0x0000028c                __vector_16
                0x0000028c                __vector_18
                0x0000028c                __vector_97
                0x0000028c                __vector_20
                0x0000028c                __vector_42
                0x0000028c                __vector_87
                0x0000028c                __vector_65
                0x0000028c                __vector_120
                0x0000028e                . = ALIGN (0x2)
 *(.text.*)
 .text.ADC_ResultCh_GetWord
                0x0000028e       0x1e adc_driver.o
                0x0000028e                ADC_ResultCh_GetWord
 .text.ADC_ResultCh_GetLowByte
                0x000002ac        0xc adc_driver.o
                0x000002ac                ADC_ResultCh_GetLowByte
 .text.ADC_Wait_32MHz
                0x000002b8       0x18 adc_driver.o
                0x000002b8                ADC_Wait_32MHz
 .text.ADC_Offset_Get
                0x000002d0       0x50 adc_driver.o
                0x000002d0                ADC_Offset_Get
 .text.SP_ReadCalibrationByte
                0x00000320       0x12 adc_driver.o
                0x00000320                SP_ReadCalibrationByte
 .text.ADC_CalibrationValues_Set
                0x00000332       0x2e adc_driver.o
                0x00000332                ADC_CalibrationValues_Set
 .text.Podesi_Parametre_Robota
                0x00000360      0x146 hardware.o
                0x00000360                Podesi_Parametre_Robota
 .text.Podesi_PID_Pojacanja
                0x000004a6       0xe6 hardware.o
                0x000004a6                Podesi_PID_Pojacanja
 .text.Podesi_QDEC
                0x0000058c       0x70 hardware.o
                0x0000058c                Podesi_QDEC
 .text.PodesiADC
                0x000005fc       0x6c hardware.o
                0x000005fc                PodesiADC
 .text.Podesi_Interapt
                0x00000668       0x20 hardware.o
                0x00000668                Podesi_Interapt
 .text.Podesi_Oscilator
                0x00000688       0x24 hardware.o
                0x00000688                Podesi_Oscilator
 .text.Podesi_USART_Komunikaciju
                0x000006ac      0x100 hardware.o
                0x000006ac                Podesi_USART_Komunikaciju
 .text.Podesi_Tajmere
                0x000007ac       0x20 hardware.o
                0x000007ac                Podesi_Tajmere
 .text.Podesi_PWM
                0x000007cc       0x28 hardware.o
                0x000007cc                Podesi_PWM
 .text.Podesi_Pinove
                0x000007f4       0x54 hardware.o
                0x000007f4                Podesi_Pinove
 .text.__vector_53
                0x00000848      0x1ce interrupt.o
                0x00000848                __vector_53
 .text.__vector_58
                0x00000a16     0x1206 interrupt.o
                0x00000a16                __vector_58
 .text.__vector_61
                0x00001c1c     0x1992 interrupt.o
                0x00001c1c                __vector_61
 .text.__vector_25
                0x000035ae     0x105e interrupt.o
                0x000035ae                __vector_25
 .text.__vector_77
                0x0000460c       0x54 interrupt.o
                0x0000460c                __vector_77
 .text.__vector_83
                0x00004660       0x54 interrupt.o
                0x00004660                __vector_83
 .text.__vector_59
                0x000046b4       0x6a interrupt.o
                0x000046b4                __vector_59
 .text.__vector_62
                0x0000471e       0x6a interrupt.o
                0x0000471e                __vector_62
 .text.__vector_26
                0x00004788       0x6a interrupt.o
                0x00004788                __vector_26
 .text.__vector_34
                0x000047f2      0x3b6 interrupt.o
                0x000047f2                __vector_34
 .text.Racunanje_trenutne_pozicije
                0x00004ba8      0x474 mechanism.o
                0x00004ba8                Racunanje_trenutne_pozicije
 .text.Pracenje_pravca
                0x0000501c      0x4de mechanism.o
                0x0000501c                Pracenje_pravca
 .text.PID_pravolinijski
                0x000054fa      0x4bc mechanism.o
                0x000054fa                PID_pravolinijski
 .text.PID_ugaoni
                0x000059b6      0x4ce mechanism.o
                0x000059b6                PID_ugaoni
 .text.PID_brzinski
                0x00005e84      0x62e mechanism.o
                0x00005e84                PID_brzinski
 .text.PORT_ConfigureInterrupt0
                0x000064b2        0xe port_driver.o
                0x000064b2                PORT_ConfigureInterrupt0
 .text.PORT_ConfigurePins
                0x000064c0       0x32 port_driver.o
                0x000064c0                PORT_ConfigurePins
 .text.TC1_ConfigClockSource
                0x000064f2        0xc TC_driver.o
                0x000064f2                TC1_ConfigClockSource
 .text.TC1_SetOverflowIntLevel
                0x000064fe        0xc TC_driver.o
                0x000064fe                TC1_SetOverflowIntLevel
 .text.nuliraj_poziciju_robota
                0x0000650a       0xbc testiranje.o
                0x0000650a                nuliraj_poziciju_robota
 .text.__vector_110
                0x000065c6       0x3e testiranje.o
                0x000065c6                __vector_110
 .text.__vector_108
                0x00006604       0x3e testiranje.o
                0x00006604                __vector_108
 .text.USART_InterruptDriver_Initialize
                0x00006642       0x28 usart_driver.o
                0x00006642                USART_InterruptDriver_Initialize
 .text.USART_TXBuffer_FreeSpace
                0x0000666a       0x1c usart_driver.o
                0x0000666a                USART_TXBuffer_FreeSpace
 .text.USART_TXBuffer_PutByte
                0x00006686       0x3e usart_driver.o
                0x00006686                USART_TXBuffer_PutByte
 .text.USART_RXBuffer_GetByte
                0x000066c4       0x1c usart_driver.o
                0x000066c4                USART_RXBuffer_GetByte
 .text.USART_RXComplete
                0x000066e0       0x3c usart_driver.o
                0x000066e0                USART_RXComplete
 .text.USART_DataRegEmpty
                0x0000671c       0x4e usart_driver.o
                0x0000671c                USART_DataRegEmpty
 .text.main     0x0000676a       0x70 X-Drive_Odometry.o
                0x0000676a                main
 .text.avr-libc.fplib
                0x000067da        0xa d:/program files (x86)/atmel/atmel toolchain/avr8 gcc/native/3.4.2.1002/avr8-gnu-toolchain/bin/../lib/gcc/avr/4.7.2/../../../../avr/lib/avrxmega7\libm.a(addsf3.o)
                0x000067da                __subsf3
                0x000067dc                __addsf3
 .text.avr-libc.fplib
                0x000067e4       0xc0 d:/program files (x86)/atmel/atmel toolchain/avr8 gcc/native/3.4.2.1002/avr8-gnu-toolchain/bin/../lib/gcc/avr/4.7.2/../../../../avr/lib/avrxmega7\libm.a(addsf3x.o)
                0x000067fe                __addsf3x
 .text.avr-libc.fplib
                0x000068a4       0x74 d:/program files (x86)/atmel/atmel toolchain/avr8 gcc/native/3.4.2.1002/avr8-gnu-toolchain/bin/../lib/gcc/avr/4.7.2/../../../../avr/lib/avrxmega7\libm.a(atan2.o)
                0x000068c2                atan2
 .text.avr-libc.fplib
                0x00006918       0x50 d:/program files (x86)/atmel/atmel toolchain/avr8 gcc/native/3.4.2.1002/avr8-gnu-toolchain/bin/../lib/gcc/avr/4.7.2/../../../../avr/lib/avrxmega7\libm.a(atan.o)
                0x00006918                atan
 .text.avr-libc.fplib
                0x00006968        0x8 d:/program files (x86)/atmel/atmel toolchain/avr8 gcc/native/3.4.2.1002/avr8-gnu-toolchain/bin/../lib/gcc/avr/4.7.2/../../../../avr/lib/avrxmega7\libm.a(cmpsf2.o)
                0x00006968                __nesf2
                0x00006968                __eqsf2
                0x00006968                __cmpsf2
                0x00006968                __ltsf2
                0x00006968                __lesf2
 .text.avr-libc.fplib
                0x00006970        0x6 d:/program files (x86)/atmel/atmel toolchain/avr8 gcc/native/3.4.2.1002/avr8-gnu-toolchain/bin/../lib/gcc/avr/4.7.2/../../../../avr/lib/avrxmega7\libm.a(cos.o)
                0x00006970                cos
 .text.avr-libc.fplib
                0x00006976        0x4 d:/program files (x86)/atmel/atmel toolchain/avr8 gcc/native/3.4.2.1002/avr8-gnu-toolchain/bin/../lib/gcc/avr/4.7.2/../../../../avr/lib/avrxmega7\libm.a(divsf3.o)
                0x00006976                __divsf3
 .text.avr-libc.fplib
                0x0000697a       0xcc d:/program files (x86)/atmel/atmel toolchain/avr8 gcc/native/3.4.2.1002/avr8-gnu-toolchain/bin/../lib/gcc/avr/4.7.2/../../../../avr/lib/avrxmega7\libm.a(divsf3x.o)
                0x00006990                __divsf3x
                0x00006994                __divsf3_pse
 .text.avr-libc.fplib
                0x00006a46        0xa d:/program files (x86)/atmel/atmel toolchain/avr8 gcc/native/3.4.2.1002/avr8-gnu-toolchain/bin/../lib/gcc/avr/4.7.2/../../../../avr/lib/avrxmega7\libm.a(fixsfsi.o)
                0x00006a46                __fixsfsi
 .text.avr-libc.fplib
                0x00006a50       0x58 d:/program files (x86)/atmel/atmel toolchain/avr8 gcc/native/3.4.2.1002/avr8-gnu-toolchain/bin/../lib/gcc/avr/4.7.2/../../../../avr/lib/avrxmega7\libm.a(fixunssfsi.o)
                0x00006a50                __fixunssfsi
 .text.avr-libc.fplib
                0x00006aa8       0x7a d:/program files (x86)/atmel/atmel toolchain/avr8 gcc/native/3.4.2.1002/avr8-gnu-toolchain/bin/../lib/gcc/avr/4.7.2/../../../../avr/lib/avrxmega7\libm.a(floatsisf.o)
                0x00006aa8                __floatunsisf
                0x00006aac                __floatsisf
 .text.avr-libc.fplib
                0x00006b22       0x48 d:/program files (x86)/atmel/atmel toolchain/avr8 gcc/native/3.4.2.1002/avr8-gnu-toolchain/bin/../lib/gcc/avr/4.7.2/../../../../avr/lib/avrxmega7\libm.a(fp_cmp.o)
                0x00006b22                __fp_cmp
 .text.avr-libc.fplib
                0x00006b6a        0xc d:/program files (x86)/atmel/atmel toolchain/avr8 gcc/native/3.4.2.1002/avr8-gnu-toolchain/bin/../lib/gcc/avr/4.7.2/../../../../avr/lib/avrxmega7\libm.a(fp_inf.o)
                0x00006b6a                __fp_inf
 .text.avr-libc.fplib
                0x00006b76        0x6 d:/program files (x86)/atmel/atmel toolchain/avr8 gcc/native/3.4.2.1002/avr8-gnu-toolchain/bin/../lib/gcc/avr/4.7.2/../../../../avr/lib/avrxmega7\libm.a(fp_nan.o)
                0x00006b76                __fp_nan
 .text.avr-libc.fplib
                0x00006b7c       0x4a d:/program files (x86)/atmel/atmel toolchain/avr8 gcc/native/3.4.2.1002/avr8-gnu-toolchain/bin/../lib/gcc/avr/4.7.2/../../../../avr/lib/avrxmega7\libm.a(fp_powser.o)
                0x00006b7c                __fp_powser
 .text.avr-libc.fplib
                0x00006bc6        0xe d:/program files (x86)/atmel/atmel toolchain/avr8 gcc/native/3.4.2.1002/avr8-gnu-toolchain/bin/../lib/gcc/avr/4.7.2/../../../../avr/lib/avrxmega7\libm.a(fp_pscA.o)
                0x00006bc6                __fp_pscA
 .text.avr-libc.fplib
                0x00006bd4        0xe d:/program files (x86)/atmel/atmel toolchain/avr8 gcc/native/3.4.2.1002/avr8-gnu-toolchain/bin/../lib/gcc/avr/4.7.2/../../../../avr/lib/avrxmega7\libm.a(fp_pscB.o)
                0x00006bd4                __fp_pscB
 .text.avr-libc.fplib
                0x00006be2       0x50 d:/program files (x86)/atmel/atmel toolchain/avr8 gcc/native/3.4.2.1002/avr8-gnu-toolchain/bin/../lib/gcc/avr/4.7.2/../../../../avr/lib/avrxmega7\libm.a(fp_rempio2.o)
                0x00006be4                __fp_rempio2
 .text.avr-libc.fplib
                0x00006c32       0x22 d:/program files (x86)/atmel/atmel toolchain/avr8 gcc/native/3.4.2.1002/avr8-gnu-toolchain/bin/../lib/gcc/avr/4.7.2/../../../../avr/lib/avrxmega7\libm.a(fp_round.o)
                0x00006c32                __fp_round
 .text.avr-libc.fplib
                0x00006c54       0x22 d:/program files (x86)/atmel/atmel toolchain/avr8 gcc/native/3.4.2.1002/avr8-gnu-toolchain/bin/../lib/gcc/avr/4.7.2/../../../../avr/lib/avrxmega7\libm.a(fp_sinus.o)
                0x00006c54                __fp_sinus
 .text.avr-libc.fplib
                0x00006c76       0x44 d:/program files (x86)/atmel/atmel toolchain/avr8 gcc/native/3.4.2.1002/avr8-gnu-toolchain/bin/../lib/gcc/avr/4.7.2/../../../../avr/lib/avrxmega7\libm.a(fp_split3.o)
                0x00006c76                __fp_split3
                0x00006c86                __fp_splitA
 .text.avr-libc.fplib
                0x00006cba        0xe d:/program files (x86)/atmel/atmel toolchain/avr8 gcc/native/3.4.2.1002/avr8-gnu-toolchain/bin/../lib/gcc/avr/4.7.2/../../../../avr/lib/avrxmega7\libm.a(fp_zero.o)
                0x00006cba                __fp_zero
                0x00006cbc                __fp_szero
 .text.avr-libc.fplib
                0x00006cc8        0x8 d:/program files (x86)/atmel/atmel toolchain/avr8 gcc/native/3.4.2.1002/avr8-gnu-toolchain/bin/../lib/gcc/avr/4.7.2/../../../../avr/lib/avrxmega7\libm.a(gesf2.o)
                0x00006cc8                __gesf2
                0x00006cc8                __gtsf2
 .text.avr-libc.fplib
                0x00006cd0        0xe d:/program files (x86)/atmel/atmel toolchain/avr8 gcc/native/3.4.2.1002/avr8-gnu-toolchain/bin/../lib/gcc/avr/4.7.2/../../../../avr/lib/avrxmega7\libm.a(inverse.o)
                0x00006cd0                inverse
 .text.avr-libc.fplib
                0x00006cde        0x4 d:/program files (x86)/atmel/atmel toolchain/avr8 gcc/native/3.4.2.1002/avr8-gnu-toolchain/bin/../lib/gcc/avr/4.7.2/../../../../avr/lib/avrxmega7\libm.a(mulsf3.o)
                0x00006cde                __mulsf3
 .text.avr-libc.fplib
                0x00006ce2       0xc2 d:/program files (x86)/atmel/atmel toolchain/avr8 gcc/native/3.4.2.1002/avr8-gnu-toolchain/bin/../lib/gcc/avr/4.7.2/../../../../avr/lib/avrxmega7\libm.a(mulsf3x.o)
                0x00006cf6                __mulsf3x
                0x00006cfa                __mulsf3_pse
 .text.avr-libc.fplib
                0x00006da4        0xc d:/program files (x86)/atmel/atmel toolchain/avr8 gcc/native/3.4.2.1002/avr8-gnu-toolchain/bin/../lib/gcc/avr/4.7.2/../../../../avr/lib/avrxmega7\libm.a(sin.o)
                0x00006da4                sin
 .text.avr-libc.fplib
                0x00006db0       0x84 d:/program files (x86)/atmel/atmel toolchain/avr8 gcc/native/3.4.2.1002/avr8-gnu-toolchain/bin/../lib/gcc/avr/4.7.2/../../../../avr/lib/avrxmega7\libm.a(sqrt.o)
                0x00006db8                sqrt
 .text.avr-libc.fplib
                0x00006e34        0x6 d:/program files (x86)/atmel/atmel toolchain/avr8 gcc/native/3.4.2.1002/avr8-gnu-toolchain/bin/../lib/gcc/avr/4.7.2/../../../../avr/lib/avrxmega7\libm.a(square.o)
                0x00006e34                square
 .text.avr-libc.fplib
                0x00006e3a       0x1c d:/program files (x86)/atmel/atmel toolchain/avr8 gcc/native/3.4.2.1002/avr8-gnu-toolchain/bin/../lib/gcc/avr/4.7.2/../../../../avr/lib/avrxmega7\libm.a(fp_mpack.o)
                0x00006e3a                __fp_mpack
                0x00006e3e                __fp_mpack_finite
 .text.avr-libc.fplib
                0x00006e56        0xe d:/program files (x86)/atmel/atmel toolchain/avr8 gcc/native/3.4.2.1002/avr8-gnu-toolchain/bin/../lib/gcc/avr/4.7.2/../../../../avr/lib/avrxmega7\libm.a(fp_norm2.o)
                0x00006e56                __fp_norm2
 .text.avr-libc.fplib
                0x00006e64       0x22 d:/program files (x86)/atmel/atmel toolchain/avr8 gcc/native/3.4.2.1002/avr8-gnu-toolchain/bin/../lib/gcc/avr/4.7.2/../../../../avr/lib/avrxmega7\libm.a(fp_powsodd.o)
                0x00006e64                __fp_powsodd
 .text.libgcc.mul
                0x00006e86       0x1e d:/program files (x86)/atmel/atmel toolchain/avr8 gcc/native/3.4.2.1002/avr8-gnu-toolchain/bin/../lib/gcc/avr/4.7.2/avrxmega7\libgcc.a(_mulsi3.o)
                0x00006e86                __mulsi3
 .text.libgcc.div
                0x00006ea4       0x26 d:/program files (x86)/atmel/atmel toolchain/avr8 gcc/native/3.4.2.1002/avr8-gnu-toolchain/bin/../lib/gcc/avr/4.7.2/avrxmega7\libgcc.a(_divmodhi4.o)
                0x00006ea4                _div
                0x00006ea4                __divmodhi4
 .text.libgcc.div
                0x00006eca       0x36 d:/program files (x86)/atmel/atmel toolchain/avr8 gcc/native/3.4.2.1002/avr8-gnu-toolchain/bin/../lib/gcc/avr/4.7.2/avrxmega7\libgcc.a(_divmodsi4.o)
                0x00006eca                __divmodsi4
 .text.libgcc.mul
                0x00006f00       0x14 d:/program files (x86)/atmel/atmel toolchain/avr8 gcc/native/3.4.2.1002/avr8-gnu-toolchain/bin/../lib/gcc/avr/4.7.2/avrxmega7\libgcc.a(_muluhisi3.o)
                0x00006f00                __muluhisi3
 .text.libgcc.mul
                0x00006f14        0xc d:/program files (x86)/atmel/atmel toolchain/avr8 gcc/native/3.4.2.1002/avr8-gnu-toolchain/bin/../lib/gcc/avr/4.7.2/avrxmega7\libgcc.a(_mulshisi3.o)
                0x00006f14                __mulshisi3
                0x00006f18                __mulohisi3
 .text.libgcc.div
                0x00006f20       0x28 d:/program files (x86)/atmel/atmel toolchain/avr8 gcc/native/3.4.2.1002/avr8-gnu-toolchain/bin/../lib/gcc/avr/4.7.2/avrxmega7\libgcc.a(_udivmodhi4.o)
                0x00006f20                __udivmodhi4
 .text.libgcc.div
                0x00006f48       0x44 d:/program files (x86)/atmel/atmel toolchain/avr8 gcc/native/3.4.2.1002/avr8-gnu-toolchain/bin/../lib/gcc/avr/4.7.2/avrxmega7\libgcc.a(_udivmodsi4.o)
                0x00006f48                __udivmodsi4
 .text.libgcc.mul
                0x00006f8c       0x18 d:/program files (x86)/atmel/atmel toolchain/avr8 gcc/native/3.4.2.1002/avr8-gnu-toolchain/bin/../lib/gcc/avr/4.7.2/avrxmega7\libgcc.a(_umulhisi3.o)
                0x00006f8c                __umulhisi3
                0x00006fa4                . = ALIGN (0x2)
 *(.fini9)
 .fini9         0x00006fa4        0x0 d:/program files (x86)/atmel/atmel toolchain/avr8 gcc/native/3.4.2.1002/avr8-gnu-toolchain/bin/../lib/gcc/avr/4.7.2/avrxmega7\libgcc.a(_exit.o)
                0x00006fa4                _exit
                0x00006fa4                exit
 *(.fini9)
 *(.fini8)
 *(.fini8)
 *(.fini7)
 *(.fini7)
 *(.fini6)
 *(.fini6)
 *(.fini5)
 *(.fini5)
 *(.fini4)
 *(.fini4)
 *(.fini3)
 *(.fini3)
 *(.fini2)
 *(.fini2)
 *(.fini1)
 *(.fini1)
 *(.fini0)
 .fini0         0x00006fa4        0x4 d:/program files (x86)/atmel/atmel toolchain/avr8 gcc/native/3.4.2.1002/avr8-gnu-toolchain/bin/../lib/gcc/avr/4.7.2/avrxmega7\libgcc.a(_exit.o)
 *(.fini0)
                0x00006fa8                _etext = .

.data           0x00802000        0x8 load address 0x00006fa8
                0x00802000                PROVIDE (__data_start, .)
 *(.data)
 .data          0x00802000        0x0 d:/program files (x86)/atmel/atmel toolchain/avr8 gcc/native/3.4.2.1002/avr8-gnu-toolchain/bin/../lib/gcc/avr/4.7.2/../../../../avr/lib/avrxmega7/crtx128a1.o
 .data          0x00802000        0x0 adc_driver.o
 .data          0x00802000        0x0 hardware.o
 .data          0x00802000        0x0 HexLookUp.o
 .data          0x00802000        0x0 interrupt.o
 .data          0x00802000        0x0 mechanism.o
 .data          0x00802000        0x0 port_driver.o
 .data          0x00802000        0x0 TC_driver.o
 .data          0x00802000        0x0 testiranje.o
 .data          0x00802000        0x0 usart_driver.o
 .data          0x00802000        0x0 X-Drive_Odometry.o
 .data          0x00802000        0x0 d:/program files (x86)/atmel/atmel toolchain/avr8 gcc/native/3.4.2.1002/avr8-gnu-toolchain/bin/../lib/gcc/avr/4.7.2/../../../../avr/lib/avrxmega7\libm.a(addsf3.o)
 .data          0x00802000        0x0 d:/program files (x86)/atmel/atmel toolchain/avr8 gcc/native/3.4.2.1002/avr8-gnu-toolchain/bin/../lib/gcc/avr/4.7.2/../../../../avr/lib/avrxmega7\libm.a(addsf3x.o)
 .data          0x00802000        0x0 d:/program files (x86)/atmel/atmel toolchain/avr8 gcc/native/3.4.2.1002/avr8-gnu-toolchain/bin/../lib/gcc/avr/4.7.2/../../../../avr/lib/avrxmega7\libm.a(atan2.o)
 .data          0x00802000        0x0 d:/program files (x86)/atmel/atmel toolchain/avr8 gcc/native/3.4.2.1002/avr8-gnu-toolchain/bin/../lib/gcc/avr/4.7.2/../../../../avr/lib/avrxmega7\libm.a(atan.o)
 .data          0x00802000        0x0 d:/program files (x86)/atmel/atmel toolchain/avr8 gcc/native/3.4.2.1002/avr8-gnu-toolchain/bin/../lib/gcc/avr/4.7.2/../../../../avr/lib/avrxmega7\libm.a(cmpsf2.o)
 .data          0x00802000        0x0 d:/program files (x86)/atmel/atmel toolchain/avr8 gcc/native/3.4.2.1002/avr8-gnu-toolchain/bin/../lib/gcc/avr/4.7.2/../../../../avr/lib/avrxmega7\libm.a(cos.o)
 .data          0x00802000        0x0 d:/program files (x86)/atmel/atmel toolchain/avr8 gcc/native/3.4.2.1002/avr8-gnu-toolchain/bin/../lib/gcc/avr/4.7.2/../../../../avr/lib/avrxmega7\libm.a(divsf3.o)
 .data          0x00802000        0x0 d:/program files (x86)/atmel/atmel toolchain/avr8 gcc/native/3.4.2.1002/avr8-gnu-toolchain/bin/../lib/gcc/avr/4.7.2/../../../../avr/lib/avrxmega7\libm.a(divsf3x.o)
 .data          0x00802000        0x0 d:/program files (x86)/atmel/atmel toolchain/avr8 gcc/native/3.4.2.1002/avr8-gnu-toolchain/bin/../lib/gcc/avr/4.7.2/../../../../avr/lib/avrxmega7\libm.a(fixsfsi.o)
 .data          0x00802000        0x0 d:/program files (x86)/atmel/atmel toolchain/avr8 gcc/native/3.4.2.1002/avr8-gnu-toolchain/bin/../lib/gcc/avr/4.7.2/../../../../avr/lib/avrxmega7\libm.a(fixunssfsi.o)
 .data          0x00802000        0x0 d:/program files (x86)/atmel/atmel toolchain/avr8 gcc/native/3.4.2.1002/avr8-gnu-toolchain/bin/../lib/gcc/avr/4.7.2/../../../../avr/lib/avrxmega7\libm.a(floatsisf.o)
 .data          0x00802000        0x0 d:/program files (x86)/atmel/atmel toolchain/avr8 gcc/native/3.4.2.1002/avr8-gnu-toolchain/bin/../lib/gcc/avr/4.7.2/../../../../avr/lib/avrxmega7\libm.a(fp_cmp.o)
 .data          0x00802000        0x0 d:/program files (x86)/atmel/atmel toolchain/avr8 gcc/native/3.4.2.1002/avr8-gnu-toolchain/bin/../lib/gcc/avr/4.7.2/../../../../avr/lib/avrxmega7\libm.a(fp_inf.o)
 .data          0x00802000        0x0 d:/program files (x86)/atmel/atmel toolchain/avr8 gcc/native/3.4.2.1002/avr8-gnu-toolchain/bin/../lib/gcc/avr/4.7.2/../../../../avr/lib/avrxmega7\libm.a(fp_nan.o)
 .data          0x00802000        0x0 d:/program files (x86)/atmel/atmel toolchain/avr8 gcc/native/3.4.2.1002/avr8-gnu-toolchain/bin/../lib/gcc/avr/4.7.2/../../../../avr/lib/avrxmega7\libm.a(fp_powser.o)
 .data          0x00802000        0x0 d:/program files (x86)/atmel/atmel toolchain/avr8 gcc/native/3.4.2.1002/avr8-gnu-toolchain/bin/../lib/gcc/avr/4.7.2/../../../../avr/lib/avrxmega7\libm.a(fp_pscA.o)
 .data          0x00802000        0x0 d:/program files (x86)/atmel/atmel toolchain/avr8 gcc/native/3.4.2.1002/avr8-gnu-toolchain/bin/../lib/gcc/avr/4.7.2/../../../../avr/lib/avrxmega7\libm.a(fp_pscB.o)
 .data          0x00802000        0x0 d:/program files (x86)/atmel/atmel toolchain/avr8 gcc/native/3.4.2.1002/avr8-gnu-toolchain/bin/../lib/gcc/avr/4.7.2/../../../../avr/lib/avrxmega7\libm.a(fp_rempio2.o)
 .data          0x00802000        0x0 d:/program files (x86)/atmel/atmel toolchain/avr8 gcc/native/3.4.2.1002/avr8-gnu-toolchain/bin/../lib/gcc/avr/4.7.2/../../../../avr/lib/avrxmega7\libm.a(fp_round.o)
 .data          0x00802000        0x0 d:/program files (x86)/atmel/atmel toolchain/avr8 gcc/native/3.4.2.1002/avr8-gnu-toolchain/bin/../lib/gcc/avr/4.7.2/../../../../avr/lib/avrxmega7\libm.a(fp_sinus.o)
 .data          0x00802000        0x0 d:/program files (x86)/atmel/atmel toolchain/avr8 gcc/native/3.4.2.1002/avr8-gnu-toolchain/bin/../lib/gcc/avr/4.7.2/../../../../avr/lib/avrxmega7\libm.a(fp_split3.o)
 .data          0x00802000        0x0 d:/program files (x86)/atmel/atmel toolchain/avr8 gcc/native/3.4.2.1002/avr8-gnu-toolchain/bin/../lib/gcc/avr/4.7.2/../../../../avr/lib/avrxmega7\libm.a(fp_zero.o)
 .data          0x00802000        0x0 d:/program files (x86)/atmel/atmel toolchain/avr8 gcc/native/3.4.2.1002/avr8-gnu-toolchain/bin/../lib/gcc/avr/4.7.2/../../../../avr/lib/avrxmega7\libm.a(gesf2.o)
 .data          0x00802000        0x0 d:/program files (x86)/atmel/atmel toolchain/avr8 gcc/native/3.4.2.1002/avr8-gnu-toolchain/bin/../lib/gcc/avr/4.7.2/../../../../avr/lib/avrxmega7\libm.a(inverse.o)
 .data          0x00802000        0x0 d:/program files (x86)/atmel/atmel toolchain/avr8 gcc/native/3.4.2.1002/avr8-gnu-toolchain/bin/../lib/gcc/avr/4.7.2/../../../../avr/lib/avrxmega7\libm.a(mulsf3.o)
 .data          0x00802000        0x0 d:/program files (x86)/atmel/atmel toolchain/avr8 gcc/native/3.4.2.1002/avr8-gnu-toolchain/bin/../lib/gcc/avr/4.7.2/../../../../avr/lib/avrxmega7\libm.a(mulsf3x.o)
 .data          0x00802000        0x0 d:/program files (x86)/atmel/atmel toolchain/avr8 gcc/native/3.4.2.1002/avr8-gnu-toolchain/bin/../lib/gcc/avr/4.7.2/../../../../avr/lib/avrxmega7\libm.a(sin.o)
 .data          0x00802000        0x0 d:/program files (x86)/atmel/atmel toolchain/avr8 gcc/native/3.4.2.1002/avr8-gnu-toolchain/bin/../lib/gcc/avr/4.7.2/../../../../avr/lib/avrxmega7\libm.a(sqrt.o)
 .data          0x00802000        0x0 d:/program files (x86)/atmel/atmel toolchain/avr8 gcc/native/3.4.2.1002/avr8-gnu-toolchain/bin/../lib/gcc/avr/4.7.2/../../../../avr/lib/avrxmega7\libm.a(square.o)
 .data          0x00802000        0x0 d:/program files (x86)/atmel/atmel toolchain/avr8 gcc/native/3.4.2.1002/avr8-gnu-toolchain/bin/../lib/gcc/avr/4.7.2/../../../../avr/lib/avrxmega7\libm.a(fp_mpack.o)
 .data          0x00802000        0x0 d:/program files (x86)/atmel/atmel toolchain/avr8 gcc/native/3.4.2.1002/avr8-gnu-toolchain/bin/../lib/gcc/avr/4.7.2/../../../../avr/lib/avrxmega7\libm.a(fp_norm2.o)
 .data          0x00802000        0x0 d:/program files (x86)/atmel/atmel toolchain/avr8 gcc/native/3.4.2.1002/avr8-gnu-toolchain/bin/../lib/gcc/avr/4.7.2/../../../../avr/lib/avrxmega7\libm.a(fp_powsodd.o)
 .data          0x00802000        0x0 d:/program files (x86)/atmel/atmel toolchain/avr8 gcc/native/3.4.2.1002/avr8-gnu-toolchain/bin/../lib/gcc/avr/4.7.2/avrxmega7\libgcc.a(_mulsi3.o)
 .data          0x00802000        0x0 d:/program files (x86)/atmel/atmel toolchain/avr8 gcc/native/3.4.2.1002/avr8-gnu-toolchain/bin/../lib/gcc/avr/4.7.2/avrxmega7\libgcc.a(_divmodhi4.o)
 .data          0x00802000        0x0 d:/program files (x86)/atmel/atmel toolchain/avr8 gcc/native/3.4.2.1002/avr8-gnu-toolchain/bin/../lib/gcc/avr/4.7.2/avrxmega7\libgcc.a(_divmodsi4.o)
 .data          0x00802000        0x0 d:/program files (x86)/atmel/atmel toolchain/avr8 gcc/native/3.4.2.1002/avr8-gnu-toolchain/bin/../lib/gcc/avr/4.7.2/avrxmega7\libgcc.a(_exit.o)
 .data          0x00802000        0x0 d:/program files (x86)/atmel/atmel toolchain/avr8 gcc/native/3.4.2.1002/avr8-gnu-toolchain/bin/../lib/gcc/avr/4.7.2/avrxmega7\libgcc.a(_copy_data.o)
 .data          0x00802000        0x0 d:/program files (x86)/atmel/atmel toolchain/avr8 gcc/native/3.4.2.1002/avr8-gnu-toolchain/bin/../lib/gcc/avr/4.7.2/avrxmega7\libgcc.a(_clear_bss.o)
 .data          0x00802000        0x0 d:/program files (x86)/atmel/atmel toolchain/avr8 gcc/native/3.4.2.1002/avr8-gnu-toolchain/bin/../lib/gcc/avr/4.7.2/avrxmega7\libgcc.a(_muluhisi3.o)
 .data          0x00802000        0x0 d:/program files (x86)/atmel/atmel toolchain/avr8 gcc/native/3.4.2.1002/avr8-gnu-toolchain/bin/../lib/gcc/avr/4.7.2/avrxmega7\libgcc.a(_mulshisi3.o)
 .data          0x00802000        0x0 d:/program files (x86)/atmel/atmel toolchain/avr8 gcc/native/3.4.2.1002/avr8-gnu-toolchain/bin/../lib/gcc/avr/4.7.2/avrxmega7\libgcc.a(_udivmodhi4.o)
 .data          0x00802000        0x0 d:/program files (x86)/atmel/atmel toolchain/avr8 gcc/native/3.4.2.1002/avr8-gnu-toolchain/bin/../lib/gcc/avr/4.7.2/avrxmega7\libgcc.a(_udivmodsi4.o)
 .data          0x00802000        0x0 d:/program files (x86)/atmel/atmel toolchain/avr8 gcc/native/3.4.2.1002/avr8-gnu-toolchain/bin/../lib/gcc/avr/4.7.2/avrxmega7\libgcc.a(_umulhisi3.o)
 *(.data*)
 .data.teta_cilj_final
                0x00802000        0x4 mechanism.o
                0x00802000                teta_cilj_final
 .data.Pracenje_Pravca_sample_counter
                0x00802004        0x1 mechanism.o
                0x00802004                Pracenje_Pravca_sample_counter
 .data.PID_pozicioni_sample_counter
                0x00802005        0x1 mechanism.o
                0x00802005                PID_pozicioni_sample_counter
 .data.stigao_flag
                0x00802006        0x1 mechanism.o
                0x00802006                stigao_flag
 *(.rodata)
 *(.rodata*)
 *(.gnu.linkonce.d*)
                0x00802008                . = ALIGN (0x2)
 *fill*         0x00802007        0x1 
                0x00802008                _edata = .
                0x00802008                PROVIDE (__data_end, .)

.bss            0x00802008     0x1281
                0x00802008                PROVIDE (__bss_start, .)
 *(.bss)
 *(.bss*)
 .bss.Rac_tren_poz_sample_counter
                0x00802008        0x1 mechanism.o
                0x00802008                Rac_tren_poz_sample_counter
 *(COMMON)
 COMMON         0x00802009      0x495 hardware.o
                0x00802009                USART_E1_data
                0x00802190                USART_C0_data
                0x00802317                USART_E0_data
 COMMON         0x0080249e      0xdeb mechanism.o
                0x0080249e                sample_L16
                0x008024a0                Kd_teta
                0x008024a4                PID_brzina_pret_L
                0x008024a6                Ki_teta
                0x008024aa                sysvrem
                0x008024ac                X_cilj
                0x008024b0                modifikovana_zeljena_pravolinijska_brzina
                0x008024b2                translacija
                0x008024b6                Ki_brzina
                0x008024ba                adresa_niz_2
                0x008024be                sample_R16
                0x008024c0                Ie_brzina_R
                0x008024c2                niz_counter_niz_3
                0x008024c3                struja_L
                0x008024c4                krug45
                0x008024c8                teta_cilj
                0x008024cc                Accel_PID_pos
                0x008024ce                velicina_niz_3
                0x008024cf                metar
                0x008024d3                niz_3
                0x008028bb                Kd_pravolinijski
                0x008028bf                broj10000
                0x008028c1                rel_distanca
                0x008028c5                De_brzina_R
                0x008028c7                PID_pozicija_pret
                0x008028cb                krug180
                0x008028cf                Kp_brzina
                0x008028d3                broj1000
                0x008028d5                PID_ukupni_L
                0x008028d9                sendArray
                0x00802959                RX_i_E1
                0x0080295a                smer_zadati
                0x0080295b                sample_counter_niz_3
                0x0080295c                vrednost_prom
                0x00802960                vreme_cekanja_tete
                0x00802962                adresa_long
                0x00802966                Kp_pravolinijski
                0x0080296a                receiveArray
                0x008029ea                last_count_R
                0x008029ee                translacija_10ms
                0x008029f0                stop_PID_desni
                0x008029f1                struja_R
                0x008029f2                motor_count_R
                0x008029f4                fsm_timer
                0x008029f6                adresa_niz_1
                0x008029fa                PID_pozicija
                0x008029fe                Y_pos
                0x00802a02                niz_1
                0x00802dea                teta_greska_prethodno
                0x00802dee                stop_PID_levi
                0x00802def                dif_error_pravolinijski
                0x00802df3                PASIVNI_QDEC_OWF_R
                0x00802df4                MOTOR_QDEC_OWF_L
                0x00802df5                sample_counter_niz_2
                0x00802df6                niz_counter_niz_2
                0x00802df7                proveri_vreme_primanja
                0x00802df8                Kp_teta_pravolinijski
                0x00802dfc                scale_factor_for_mm
                0x00802dfe                pozicija_greska_sum
                0x00802e02                Pe_brzina_R
                0x00802e04                broj
                0x00802e06                CHC
                0x00802e07                Y_cilj
                0x00802e0b                max_brzina_motora
                0x00802e0d                sample_time_niz_3
                0x00802e0e                rastojanje_cilj_temp
                0x00802e12                rel_ugao
                0x00802e16                Pasivni_desni_CNT
                0x00802e1a                count_R
                0x00802e1e                PASIVNI_QDEC_OWF_L
                0x00802e1f                X_pos
                0x00802e23                teta_greska_sum
                0x00802e27                PID_brzina_pret_R
                0x00802e29                last_count_L
                0x00802e2b                rezervni_ugao
                0x00802e2d                X_cilj_stari
                0x00802e31                timeout
                0x00802e33                broj100
                0x00802e35                motor_count_L
                0x00802e37                dif_error_ugao
                0x00802e3b                RX_i_C0
                0x00802e3c                adresa_niz_3
                0x00802e40                broj1
                0x00802e42                pozicija_pret_greska
                0x00802e46                motor_sample_L16
                0x00802e48                pozicija_greska
                0x00802e4c                Kd_brzina
                0x00802e50                PID_teta
                0x00802e54                sample_counter_niz_1
                0x00802e55                niz_counter_niz_1
                0x00802e56                offset
                0x00802e57                RX_i_E0
                0x00802e58                vreme_pozicioniranja
                0x00802e5a                PWM_perioda
                0x00802e5c                velicina_niz_2
                0x00802e5d                zeljena_brzina_okretanja
                0x00802e5f                motor_sample_R16
                0x00802e61                Kp_teta_okretanje
                0x00802e65                rastojanje_cilj
                0x00802e69                MOTOR_QDEC_OWF_R
                0x00802e6a                De_brzina_L
                0x00802e6c                Y_cilj_stari
                0x00802e70                teta_greska
                0x00802e74                smer_trenutni
                0x00802e75                PID_brzina_R
                0x00802e77                PID_brzina_L
                0x00802e79                sample_time_niz_2
                0x00802e7a                krug90
                0x00802e7e                Pe_brzina_L
                0x00802e80                PID_ukupni_R
                0x00802e84                Ie_brzina_L
                0x00802e86                niz_2
                0x0080326e                sample_time_niz_1
                0x0080326f                broj10
                0x00803271                krug360
                0x00803275                Ki_pravolinijski
                0x00803279                count_L
                0x0080327b                zeljena_pravolinijska_brzina
                0x0080327d                set_direct_out
                0x0080327e                velicina_niz_1
                0x0080327f                teta
                0x00803283                rotacija_10ms
                0x00803285                Kp_teta
                0x00803289                PROVIDE (__bss_end, .)
                0x00006fa8                __data_load_start = LOADADDR (.data)
                0x00006fb0                __data_load_end = (__data_load_start + SIZEOF (.data))

.noinit         0x00803289        0x0
                0x00803289                PROVIDE (__noinit_start, .)
 *(.noinit*)
                0x00803289                PROVIDE (__noinit_end, .)
                0x00803289                _end = .
                0x00803289                PROVIDE (__heap_start, .)

.eeprom         0x00810000        0x0
 *(.eeprom*)
                0x00810000                __eeprom_end = .

.fuse
 *(.fuse)
 *(.lfuse)
 *(.hfuse)
 *(.efuse)

.lock
 *(.lock*)

.signature
 *(.signature*)

.user_signatures
 *(.user_signatures*)

.stab           0x00000000     0x35f4
 *(.stab)
 .stab          0x00000000      0x714 d:/program files (x86)/atmel/atmel toolchain/avr8 gcc/native/3.4.2.1002/avr8-gnu-toolchain/bin/../lib/gcc/avr/4.7.2/../../../../avr/lib/avrxmega7/crtx128a1.o
 .stab          0x00000714       0x78 d:/program files (x86)/atmel/atmel toolchain/avr8 gcc/native/3.4.2.1002/avr8-gnu-toolchain/bin/../lib/gcc/avr/4.7.2/../../../../avr/lib/avrxmega7\libm.a(addsf3.o)
                                 0x84 (size before relaxing)
 .stab          0x0000078c      0x4bc d:/program files (x86)/atmel/atmel toolchain/avr8 gcc/native/3.4.2.1002/avr8-gnu-toolchain/bin/../lib/gcc/avr/4.7.2/../../../../avr/lib/avrxmega7\libm.a(addsf3x.o)
                                0x4c8 (size before relaxing)
 .stab          0x00000c48      0x2f4 d:/program files (x86)/atmel/atmel toolchain/avr8 gcc/native/3.4.2.1002/avr8-gnu-toolchain/bin/../lib/gcc/avr/4.7.2/../../../../avr/lib/avrxmega7\libm.a(atan2.o)
                                0x300 (size before relaxing)
 .stab          0x00000f3c      0x210 d:/program files (x86)/atmel/atmel toolchain/avr8 gcc/native/3.4.2.1002/avr8-gnu-toolchain/bin/../lib/gcc/avr/4.7.2/../../../../avr/lib/avrxmega7\libm.a(atan.o)
                                0x21c (size before relaxing)
 .stab          0x0000114c       0x90 d:/program files (x86)/atmel/atmel toolchain/avr8 gcc/native/3.4.2.1002/avr8-gnu-toolchain/bin/../lib/gcc/avr/4.7.2/../../../../avr/lib/avrxmega7\libm.a(cmpsf2.o)
                                 0x9c (size before relaxing)
 .stab          0x000011dc       0x54 d:/program files (x86)/atmel/atmel toolchain/avr8 gcc/native/3.4.2.1002/avr8-gnu-toolchain/bin/../lib/gcc/avr/4.7.2/../../../../avr/lib/avrxmega7\libm.a(cos.o)
                                 0x60 (size before relaxing)
 .stab          0x00001230       0x48 d:/program files (x86)/atmel/atmel toolchain/avr8 gcc/native/3.4.2.1002/avr8-gnu-toolchain/bin/../lib/gcc/avr/4.7.2/../../../../avr/lib/avrxmega7\libm.a(divsf3.o)
                                 0x54 (size before relaxing)
 .stab          0x00001278      0x510 d:/program files (x86)/atmel/atmel toolchain/avr8 gcc/native/3.4.2.1002/avr8-gnu-toolchain/bin/../lib/gcc/avr/4.7.2/../../../../avr/lib/avrxmega7\libm.a(divsf3x.o)
                                0x51c (size before relaxing)
 .stab          0x00001788       0x6c d:/program files (x86)/atmel/atmel toolchain/avr8 gcc/native/3.4.2.1002/avr8-gnu-toolchain/bin/../lib/gcc/avr/4.7.2/../../../../avr/lib/avrxmega7\libm.a(fixsfsi.o)
                                 0x78 (size before relaxing)
 .stab          0x000017f4      0x240 d:/program files (x86)/atmel/atmel toolchain/avr8 gcc/native/3.4.2.1002/avr8-gnu-toolchain/bin/../lib/gcc/avr/4.7.2/../../../../avr/lib/avrxmega7\libm.a(fixunssfsi.o)
                                0x24c (size before relaxing)
 .stab          0x00001a34      0x318 d:/program files (x86)/atmel/atmel toolchain/avr8 gcc/native/3.4.2.1002/avr8-gnu-toolchain/bin/../lib/gcc/avr/4.7.2/../../../../avr/lib/avrxmega7\libm.a(floatsisf.o)
                                0x324 (size before relaxing)
 .stab          0x00001d4c      0x1e0 d:/program files (x86)/atmel/atmel toolchain/avr8 gcc/native/3.4.2.1002/avr8-gnu-toolchain/bin/../lib/gcc/avr/4.7.2/../../../../avr/lib/avrxmega7\libm.a(fp_cmp.o)
                                0x1ec (size before relaxing)
 .stab          0x00001f2c       0x78 d:/program files (x86)/atmel/atmel toolchain/avr8 gcc/native/3.4.2.1002/avr8-gnu-toolchain/bin/../lib/gcc/avr/4.7.2/../../../../avr/lib/avrxmega7\libm.a(fp_inf.o)
                                 0x84 (size before relaxing)
 .stab          0x00001fa4       0x54 d:/program files (x86)/atmel/atmel toolchain/avr8 gcc/native/3.4.2.1002/avr8-gnu-toolchain/bin/../lib/gcc/avr/4.7.2/../../../../avr/lib/avrxmega7\libm.a(fp_nan.o)
                                 0x60 (size before relaxing)
 .stab          0x00001ff8      0x1ec d:/program files (x86)/atmel/atmel toolchain/avr8 gcc/native/3.4.2.1002/avr8-gnu-toolchain/bin/../lib/gcc/avr/4.7.2/../../../../avr/lib/avrxmega7\libm.a(fp_powser.o)
                                0x1f8 (size before relaxing)
 .stab          0x000021e4       0x84 d:/program files (x86)/atmel/atmel toolchain/avr8 gcc/native/3.4.2.1002/avr8-gnu-toolchain/bin/../lib/gcc/avr/4.7.2/../../../../avr/lib/avrxmega7\libm.a(fp_pscA.o)
                                 0x90 (size before relaxing)
 .stab          0x00002268       0x84 d:/program files (x86)/atmel/atmel toolchain/avr8 gcc/native/3.4.2.1002/avr8-gnu-toolchain/bin/../lib/gcc/avr/4.7.2/../../../../avr/lib/avrxmega7\libm.a(fp_pscB.o)
                                 0x90 (size before relaxing)
 .stab          0x000022ec      0x21c d:/program files (x86)/atmel/atmel toolchain/avr8 gcc/native/3.4.2.1002/avr8-gnu-toolchain/bin/../lib/gcc/avr/4.7.2/../../../../avr/lib/avrxmega7\libm.a(fp_rempio2.o)
                                0x228 (size before relaxing)
 .stab          0x00002508       0xfc d:/program files (x86)/atmel/atmel toolchain/avr8 gcc/native/3.4.2.1002/avr8-gnu-toolchain/bin/../lib/gcc/avr/4.7.2/../../../../avr/lib/avrxmega7\libm.a(fp_round.o)
                                0x108 (size before relaxing)
 .stab          0x00002604       0xfc d:/program files (x86)/atmel/atmel toolchain/avr8 gcc/native/3.4.2.1002/avr8-gnu-toolchain/bin/../lib/gcc/avr/4.7.2/../../../../avr/lib/avrxmega7\libm.a(fp_sinus.o)
                                0x108 (size before relaxing)
 .stab          0x00002700      0x1d4 d:/program files (x86)/atmel/atmel toolchain/avr8 gcc/native/3.4.2.1002/avr8-gnu-toolchain/bin/../lib/gcc/avr/4.7.2/../../../../avr/lib/avrxmega7\libm.a(fp_split3.o)
                                0x1e0 (size before relaxing)
 .stab          0x000028d4       0x90 d:/program files (x86)/atmel/atmel toolchain/avr8 gcc/native/3.4.2.1002/avr8-gnu-toolchain/bin/../lib/gcc/avr/4.7.2/../../../../avr/lib/avrxmega7\libm.a(fp_zero.o)
                                 0x9c (size before relaxing)
 .stab          0x00002964       0x6c d:/program files (x86)/atmel/atmel toolchain/avr8 gcc/native/3.4.2.1002/avr8-gnu-toolchain/bin/../lib/gcc/avr/4.7.2/../../../../avr/lib/avrxmega7\libm.a(gesf2.o)
                                 0x78 (size before relaxing)
 .stab          0x000029d0       0x84 d:/program files (x86)/atmel/atmel toolchain/avr8 gcc/native/3.4.2.1002/avr8-gnu-toolchain/bin/../lib/gcc/avr/4.7.2/../../../../avr/lib/avrxmega7\libm.a(inverse.o)
                                 0x90 (size before relaxing)
 .stab          0x00002a54       0x48 d:/program files (x86)/atmel/atmel toolchain/avr8 gcc/native/3.4.2.1002/avr8-gnu-toolchain/bin/../lib/gcc/avr/4.7.2/../../../../avr/lib/avrxmega7\libm.a(mulsf3.o)
                                 0x54 (size before relaxing)
 .stab          0x00002a9c      0x4d4 d:/program files (x86)/atmel/atmel toolchain/avr8 gcc/native/3.4.2.1002/avr8-gnu-toolchain/bin/../lib/gcc/avr/4.7.2/../../../../avr/lib/avrxmega7\libm.a(mulsf3x.o)
                                0x4e0 (size before relaxing)
 .stab          0x00002f70       0x78 d:/program files (x86)/atmel/atmel toolchain/avr8 gcc/native/3.4.2.1002/avr8-gnu-toolchain/bin/../lib/gcc/avr/4.7.2/../../../../avr/lib/avrxmega7\libm.a(sin.o)
                                 0x84 (size before relaxing)
 .stab          0x00002fe8      0x354 d:/program files (x86)/atmel/atmel toolchain/avr8 gcc/native/3.4.2.1002/avr8-gnu-toolchain/bin/../lib/gcc/avr/4.7.2/../../../../avr/lib/avrxmega7\libm.a(sqrt.o)
                                0x360 (size before relaxing)
 .stab          0x0000333c       0x54 d:/program files (x86)/atmel/atmel toolchain/avr8 gcc/native/3.4.2.1002/avr8-gnu-toolchain/bin/../lib/gcc/avr/4.7.2/../../../../avr/lib/avrxmega7\libm.a(square.o)
                                 0x60 (size before relaxing)
 .stab          0x00003390       0xe4 d:/program files (x86)/atmel/atmel toolchain/avr8 gcc/native/3.4.2.1002/avr8-gnu-toolchain/bin/../lib/gcc/avr/4.7.2/../../../../avr/lib/avrxmega7\libm.a(fp_mpack.o)
                                 0xf0 (size before relaxing)
 .stab          0x00003474       0x84 d:/program files (x86)/atmel/atmel toolchain/avr8 gcc/native/3.4.2.1002/avr8-gnu-toolchain/bin/../lib/gcc/avr/4.7.2/../../../../avr/lib/avrxmega7\libm.a(fp_norm2.o)
                                 0x90 (size before relaxing)
 .stab          0x000034f8       0xfc d:/program files (x86)/atmel/atmel toolchain/avr8 gcc/native/3.4.2.1002/avr8-gnu-toolchain/bin/../lib/gcc/avr/4.7.2/../../../../avr/lib/avrxmega7\libm.a(fp_powsodd.o)
                                0x108 (size before relaxing)

.stabstr        0x00000000      0xf10
 *(.stabstr)
 .stabstr       0x00000000      0xf10 d:/program files (x86)/atmel/atmel toolchain/avr8 gcc/native/3.4.2.1002/avr8-gnu-toolchain/bin/../lib/gcc/avr/4.7.2/../../../../avr/lib/avrxmega7/crtx128a1.o

.stab.excl
 *(.stab.excl)

.stab.exclstr
 *(.stab.exclstr)

.stab.index
 *(.stab.index)

.stab.indexstr
 *(.stab.indexstr)

.comment        0x00000000       0x2f
 *(.comment)
 .comment       0x00000000       0x2f adc_driver.o
                                 0x30 (size before relaxing)
 .comment       0x00000000       0x30 hardware.o
 .comment       0x00000000       0x30 HexLookUp.o
 .comment       0x00000000       0x30 interrupt.o
 .comment       0x00000000       0x30 mechanism.o
 .comment       0x00000000       0x30 port_driver.o
 .comment       0x00000000       0x30 TC_driver.o
 .comment       0x00000000       0x30 testiranje.o
 .comment       0x00000000       0x30 usart_driver.o
 .comment       0x00000000       0x30 X-Drive_Odometry.o

.debug
 *(.debug)

.line
 *(.line)

.debug_srcinfo
 *(.debug_srcinfo)

.debug_sfnames
 *(.debug_sfnames)

.debug_aranges  0x00000000      0x3b0
 *(.debug_aranges)
 .debug_aranges
                0x00000000       0x58 adc_driver.o
 .debug_aranges
                0x00000058       0x68 hardware.o
 .debug_aranges
                0x000000c0       0x18 HexLookUp.o
 .debug_aranges
                0x000000d8       0x68 interrupt.o
 .debug_aranges
                0x00000140       0x48 mechanism.o
 .debug_aranges
                0x00000188       0x50 port_driver.o
 .debug_aranges
                0x000001d8       0xc8 TC_driver.o
 .debug_aranges
                0x000002a0       0x88 testiranje.o
 .debug_aranges
                0x00000328       0x68 usart_driver.o
 .debug_aranges
                0x00000390       0x20 X-Drive_Odometry.o

.debug_pubnames
 *(.debug_pubnames)

.debug_info     0x00000000     0xa170
 *(.debug_info)
 .debug_info    0x00000000      0x9bb adc_driver.o
 .debug_info    0x000009bb     0x1dc1 hardware.o
 .debug_info    0x0000277c       0x4e HexLookUp.o
 .debug_info    0x000027ca     0x23f5 interrupt.o
 .debug_info    0x00004bbf     0x19e4 mechanism.o
 .debug_info    0x000065a3      0x716 port_driver.o
 .debug_info    0x00006cb9     0x12fd TC_driver.o
 .debug_info    0x00007fb6     0x16c0 testiranje.o
 .debug_info    0x00009676      0x590 usart_driver.o
 .debug_info    0x00009c06      0x56a X-Drive_Odometry.o
 *(.gnu.linkonce.wi.*)

.debug_abbrev   0x00000000     0x1269
 *(.debug_abbrev)
 .debug_abbrev  0x00000000      0x235 adc_driver.o
 .debug_abbrev  0x00000235      0x23b hardware.o
 .debug_abbrev  0x00000470       0x3e HexLookUp.o
 .debug_abbrev  0x000004ae      0x2a7 interrupt.o
 .debug_abbrev  0x00000755      0x224 mechanism.o
 .debug_abbrev  0x00000979      0x132 port_driver.o
 .debug_abbrev  0x00000aab      0x176 TC_driver.o
 .debug_abbrev  0x00000c21      0x2bf testiranje.o
 .debug_abbrev  0x00000ee0      0x1d6 usart_driver.o
 .debug_abbrev  0x000010b6      0x1b3 X-Drive_Odometry.o

.debug_line     0x00000000     0x3b99
 *(.debug_line)
 .debug_line    0x00000000      0x393 adc_driver.o
 .debug_line    0x00000393      0x4ee hardware.o
 .debug_line    0x00000881       0x2e HexLookUp.o
 .debug_line    0x000008af     0x1982 interrupt.o
 .debug_line    0x00002231      0x6f8 mechanism.o
 .debug_line    0x00002929      0x268 port_driver.o
 .debug_line    0x00002b91      0x39a TC_driver.o
 .debug_line    0x00002f2b      0x603 testiranje.o
 .debug_line    0x0000352e      0x371 usart_driver.o
 .debug_line    0x0000389f      0x2fa X-Drive_Odometry.o

.debug_frame    0x00000000      0xc78
 *(.debug_frame)
 .debug_frame   0x00000000       0xac adc_driver.o
 .debug_frame   0x000000ac       0xf8 hardware.o
 .debug_frame   0x000001a4      0x428 interrupt.o
 .debug_frame   0x000005cc      0x1fc mechanism.o
 .debug_frame   0x000007c8       0x90 port_driver.o
 .debug_frame   0x00000858      0x174 TC_driver.o
 .debug_frame   0x000009cc      0x1b8 testiranje.o
 .debug_frame   0x00000b84       0xd0 usart_driver.o
 .debug_frame   0x00000c54       0x24 X-Drive_Odometry.o

.debug_str      0x00000000     0x2fe5
 *(.debug_str)
 .debug_str     0x00000000      0xa8f adc_driver.o
                                0xade (size before relaxing)
 .debug_str     0x00000a8f      0xe39 hardware.o
                               0x1586 (size before relaxing)
 .debug_str     0x000018c8       0x1a HexLookUp.o
                                 0x6a (size before relaxing)
 .debug_str     0x000018e2      0x428 interrupt.o
                                0xbf7 (size before relaxing)
 .debug_str     0x00001d0a      0x315 mechanism.o
                                0xe04 (size before relaxing)
 .debug_str     0x0000201f      0x80b port_driver.o
                                0xb88 (size before relaxing)
 .debug_str     0x0000282a      0x575 TC_driver.o
                                0xbbb (size before relaxing)
 .debug_str     0x00002d9f       0xfe testiranje.o
                                0x813 (size before relaxing)
 .debug_str     0x00002e9d      0x104 usart_driver.o
                                0x3b4 (size before relaxing)
 .debug_str     0x00002fa1       0x44 X-Drive_Odometry.o
                                0x4c3 (size before relaxing)

.debug_loc      0x00000000     0x2a70
 *(.debug_loc)
 .debug_loc     0x00000000      0x1fb adc_driver.o
 .debug_loc     0x000001fb       0xf0 hardware.o
 .debug_loc     0x000002eb     0x1221 interrupt.o
 .debug_loc     0x0000150c      0x567 mechanism.o
 .debug_loc     0x00001a73      0x1f8 port_driver.o
 .debug_loc     0x00001c6b      0x378 TC_driver.o
 .debug_loc     0x00001fe3      0x66a testiranje.o
 .debug_loc     0x0000264d      0x40f usart_driver.o
 .debug_loc     0x00002a5c       0x14 X-Drive_Odometry.o

.debug_macinfo
 *(.debug_macinfo)

.debug_pubtypes
 *(.debug_pubtypes)

.debug_ranges   0x00000000      0x308
 *(.debug_ranges)
 .debug_ranges  0x00000000       0x48 adc_driver.o
 .debug_ranges  0x00000048       0x58 hardware.o
 .debug_ranges  0x000000a0       0x58 interrupt.o
 .debug_ranges  0x000000f8       0x38 mechanism.o
 .debug_ranges  0x00000130       0x40 port_driver.o
 .debug_ranges  0x00000170       0xb8 TC_driver.o
 .debug_ranges  0x00000228       0x78 testiranje.o
 .debug_ranges  0x000002a0       0x58 usart_driver.o
 .debug_ranges  0x000002f8       0x10 X-Drive_Odometry.o

.debug_macro
 *(.debug_macro)
OUTPUT(XDRIVE_TIKVIC_V2.0.elf elf32-avr)
LOAD linker stubs
